0:0:0:0:0:0:0:1 - - [13/May/2024:13:34:07 -0400] "GET /manager HTTP/1.1" 302 -
0:0:0:0:0:0:0:1 - - [13/May/2024:13:34:08 -0400] "GET /manager/ HTTP/1.1" 302 -
0:0:0:0:0:0:0:1 - - [13/May/2024:13:34:08 -0400] "GET /manager/html HTTP/1.1" 401 2562
127.0.0.1 - admin [13/May/2024:13:34:11 -0400] "PUT /manager/text/deploy?path=%2Fwebapp-form&update=true HTTP/1.1" 200 82
0:0:0:0:0:0:0:1 - admin [13/May/2024:13:34:13 -0400] "GET /manager/html HTTP/1.1" 200 22157
0:0:0:0:0:0:0:1 - - [13/May/2024:13:34:13 -0400] "GET /manager/images/tomcat.svg HTTP/1.1" 200 68761
0:0:0:0:0:0:0:1 - - [13/May/2024:13:34:13 -0400] "GET /manager/images/asf-logo.svg HTTP/1.1" 200 20712
0:0:0:0:0:0:0:1 - - [13/May/2024:13:34:13 -0400] "GET /manager/css/manager.css HTTP/1.1" 200 2946
0:0:0:0:0:0:0:1 - - [13/May/2024:13:34:13 -0400] "GET /favicon.ico HTTP/1.1" 304 -
0:0:0:0:0:0:0:1 - - [13/May/2024:13:34:16 -0400] "GET /webapp-form/ HTTP/1.1" 304 -
0:0:0:0:0:0:0:1 - - [13/May/2024:13:34:26 -0400] "POST /webapp-form/registro HTTP/1.1" 200 3655
127.0.0.1 - admin [13/May/2024:15:33:28 -0400] "PUT /manager/text/deploy?path=%2Fwebapp-form&update=true HTTP/1.1" 200 82
0:0:0:0:0:0:0:1 - - [13/May/2024:15:33:37 -0400] "POST /webapp-form/registro HTTP/1.1" 200 5127
127.0.0.1 - admin [13/May/2024:15:38:16 -0400] "PUT /manager/text/deploy?path=%2Fwebapp-form&update=true HTTP/1.1" 200 82
0:0:0:0:0:0:0:1 - - [13/May/2024:15:38:21 -0400] "POST /webapp-form/registro HTTP/1.1" 200 5530
0:0:0:0:0:0:0:1 - - [13/May/2024:15:38:23 -0400] "POST /webapp-form/registro HTTP/1.1" 200 5530
0:0:0:0:0:0:0:1 - - [13/May/2024:15:38:28 -0400] "GET /webapp-form/registro HTTP/1.1" 405 726
0:0:0:0:0:0:0:1 - - [13/May/2024:15:38:32 -0400] "GET /webapp-form HTTP/1.1" 302 -
0:0:0:0:0:0:0:1 - - [13/May/2024:15:38:34 -0400] "GET /webapp-form/ HTTP/1.1" 304 -
0:0:0:0:0:0:0:1 - - [13/May/2024:15:38:34 -0400] "GET /webapp-form/ HTTP/1.1" 304 -
0:0:0:0:0:0:0:1 - - [13/May/2024:15:38:34 -0400] "GET /webapp-form/ HTTP/1.1" 304 -
0:0:0:0:0:0:0:1 - - [13/May/2024:15:38:34 -0400] "GET /webapp-form/ HTTP/1.1" 304 -
0:0:0:0:0:0:0:1 - - [13/May/2024:15:38:35 -0400] "GET /webapp-form/ HTTP/1.1" 304 -
0:0:0:0:0:0:0:1 - - [13/May/2024:15:38:35 -0400] "GET /webapp-form/ HTTP/1.1" 304 -
0:0:0:0:0:0:0:1 - - [13/May/2024:15:38:35 -0400] "GET /webapp-form/ HTTP/1.1" 304 -
0:0:0:0:0:0:0:1 - - [13/May/2024:15:38:35 -0400] "GET /webapp-form/ HTTP/1.1" 304 -
0:0:0:0:0:0:0:1 - - [13/May/2024:15:38:35 -0400] "GET /webapp-form/ HTTP/1.1" 304 -
0:0:0:0:0:0:0:1 - - [13/May/2024:15:38:35 -0400] "GET /webapp-form/ HTTP/1.1" 304 -
0:0:0:0:0:0:0:1 - - [13/May/2024:15:38:36 -0400] "GET /webapp-form/ HTTP/1.1" 304 -
0:0:0:0:0:0:0:1 - - [13/May/2024:15:38:36 -0400] "GET /webapp-form/ HTTP/1.1" 304 -
0:0:0:0:0:0:0:1 - - [13/May/2024:15:38:36 -0400] "GET /webapp-form/ HTTP/1.1" 304 -
0:0:0:0:0:0:0:1 - - [13/May/2024:15:38:36 -0400] "GET /webapp-form/ HTTP/1.1" 304 -
0:0:0:0:0:0:0:1 - - [13/May/2024:15:38:36 -0400] "GET /webapp-form/ HTTP/1.1" 304 -
0:0:0:0:0:0:0:1 - - [13/May/2024:15:38:37 -0400] "GET /webapp-form/ HTTP/1.1" 304 -
0:0:0:0:0:0:0:1 - - [13/May/2024:15:38:37 -0400] "GET /webapp-form/ HTTP/1.1" 304 -
0:0:0:0:0:0:0:1 - - [13/May/2024:15:38:38 -0400] "GET /webapp-form/ HTTP/1.1" 304 -
0:0:0:0:0:0:0:1 - - [13/May/2024:15:38:38 -0400] "GET /webapp-form/ HTTP/1.1" 304 -
0:0:0:0:0:0:0:1 - - [13/May/2024:15:38:38 -0400] "GET /webapp-form/ HTTP/1.1" 304 -
0:0:0:0:0:0:0:1 - - [13/May/2024:15:38:39 -0400] "GET /webapp-form/registro HTTP/1.1" 405 726
0:0:0:0:0:0:0:1 - - [13/May/2024:15:38:40 -0400] "GET /webapp-form/registro HTTP/1.1" 405 726
127.0.0.1 - admin [13/May/2024:15:38:59 -0400] "PUT /manager/text/deploy?path=%2Fwebapp-form&update=true HTTP/1.1" 200 82
0:0:0:0:0:0:0:1 - - [13/May/2024:15:39:10 -0400] "GET /manager HTTP/1.1" 302 -
0:0:0:0:0:0:0:1 - - [13/May/2024:15:39:10 -0400] "GET /manager/ HTTP/1.1" 302 -
0:0:0:0:0:0:0:1 - admin [13/May/2024:15:39:10 -0400] "GET /manager/html HTTP/1.1" 200 20352
0:0:0:0:0:0:0:1 - - [13/May/2024:15:39:10 -0400] "GET /manager/css/manager.css HTTP/1.1" 200 2946
0:0:0:0:0:0:0:1 - - [13/May/2024:15:39:10 -0400] "GET /manager/images/asf-logo.svg HTTP/1.1" 200 20712
0:0:0:0:0:0:0:1 - - [13/May/2024:15:39:10 -0400] "GET /manager/images/tomcat.svg HTTP/1.1" 200 68761
0:0:0:0:0:0:0:1 - - [13/May/2024:15:39:14 -0400] "GET /webapp-form/ HTTP/1.1" 200 4880
127.0.0.1 - admin [13/May/2024:15:45:12 -0400] "PUT /manager/text/deploy?path=%2Fwebapp-form&update=true HTTP/1.1" 200 82
127.0.0.1 - admin [13/May/2024:15:45:36 -0400] "PUT /manager/text/deploy?path=%2Fwebapp-form&update=true HTTP/1.1" 200 82
0:0:0:0:0:0:0:1 - - [13/May/2024:15:45:46 -0400] "GET /webapp-form/ HTTP/1.1" 200 4712
0:0:0:0:0:0:0:1 - - [13/May/2024:15:45:46 -0400] "GET /css/bootstrap.min.css HTTP/1.1" 404 713
0:0:0:0:0:0:0:1 - - [13/May/2024:15:45:49 -0400] "GET /css/bootstrap.min.css HTTP/1.1" 404 713
0:0:0:0:0:0:0:1 - - [13/May/2024:15:45:53 -0400] "GET /webapp-form/ HTTP/1.1" 200 4712
0:0:0:0:0:0:0:1 - - [13/May/2024:15:45:53 -0400] "GET /css/bootstrap.min.css HTTP/1.1" 404 713
0:0:0:0:0:0:0:1 - - [13/May/2024:15:45:53 -0400] "GET /webapp-form/ HTTP/1.1" 200 4712
0:0:0:0:0:0:0:1 - - [13/May/2024:15:45:53 -0400] "GET /css/bootstrap.min.css HTTP/1.1" 404 713
0:0:0:0:0:0:0:1 - - [13/May/2024:15:45:54 -0400] "GET /webapp-form/ HTTP/1.1" 200 4712
0:0:0:0:0:0:0:1 - - [13/May/2024:15:45:54 -0400] "GET /css/bootstrap.min.css HTTP/1.1" 404 713
127.0.0.1 - admin [13/May/2024:15:46:16 -0400] "PUT /manager/text/deploy?path=%2Fwebapp-form&update=true HTTP/1.1" 200 82
0:0:0:0:0:0:0:1 - - [13/May/2024:15:46:23 -0400] "GET /webapp-form/ HTTP/1.1" 200 4712
0:0:0:0:0:0:0:1 - - [13/May/2024:15:46:23 -0400] "GET /css/bootstrap.min.css HTTP/1.1" 404 713
0:0:0:0:0:0:0:1 - - [13/May/2024:15:46:24 -0400] "GET /webapp-form/ HTTP/1.1" 200 4712
0:0:0:0:0:0:0:1 - - [13/May/2024:15:46:24 -0400] "GET /css/bootstrap.min.css HTTP/1.1" 404 713
0:0:0:0:0:0:0:1 - - [13/May/2024:15:46:24 -0400] "GET /webapp-form/ HTTP/1.1" 200 4712
0:0:0:0:0:0:0:1 - - [13/May/2024:15:46:24 -0400] "GET /css/bootstrap.min.css HTTP/1.1" 404 713
0:0:0:0:0:0:0:1 - - [13/May/2024:15:46:24 -0400] "GET /webapp-form/ HTTP/1.1" 200 4712
0:0:0:0:0:0:0:1 - - [13/May/2024:15:46:24 -0400] "GET /css/bootstrap.min.css HTTP/1.1" 404 713
0:0:0:0:0:0:0:1 - - [13/May/2024:15:46:27 -0400] "GET /webapp-form/ HTTP/1.1" 200 4712
0:0:0:0:0:0:0:1 - - [13/May/2024:15:46:27 -0400] "GET /css/bootstrap.min.css HTTP/1.1" 404 713
0:0:0:0:0:0:0:1 - - [13/May/2024:15:46:28 -0400] "GET /webapp-form/ HTTP/1.1" 200 4712
0:0:0:0:0:0:0:1 - - [13/May/2024:15:46:28 -0400] "GET /css/bootstrap.min.css HTTP/1.1" 404 713
0:0:0:0:0:0:0:1 - - [13/May/2024:15:46:28 -0400] "GET /webapp-form/ HTTP/1.1" 200 4712
0:0:0:0:0:0:0:1 - - [13/May/2024:15:46:28 -0400] "GET /css/bootstrap.min.css HTTP/1.1" 404 713
0:0:0:0:0:0:0:1 - - [13/May/2024:15:46:29 -0400] "GET /webapp-form/ HTTP/1.1" 200 4712
0:0:0:0:0:0:0:1 - - [13/May/2024:15:46:29 -0400] "GET /css/bootstrap.min.css HTTP/1.1" 404 713
127.0.0.1 - admin [13/May/2024:15:46:47 -0400] "PUT /manager/text/deploy?path=%2Fwebapp-form&update=true HTTP/1.1" 200 82
0:0:0:0:0:0:0:1 - - [13/May/2024:15:46:59 -0400] "GET /webapp-form/ HTTP/1.1" 500 2326
0:0:0:0:0:0:0:1 - - [13/May/2024:15:47:00 -0400] "GET /webapp-form/ HTTP/1.1" 500 2879
0:0:0:0:0:0:0:1 - - [13/May/2024:15:47:02 -0400] "GET /webapp-form/ HTTP/1.1" 500 2879
0:0:0:0:0:0:0:1 - - [13/May/2024:15:47:04 -0400] "GET /webapp-form/ HTTP/1.1" 500 2326
0:0:0:0:0:0:0:1 - - [13/May/2024:15:47:04 -0400] "GET /webapp-form/ HTTP/1.1" 500 2879
0:0:0:0:0:0:0:1 - - [13/May/2024:15:47:04 -0400] "GET /webapp-form/ HTTP/1.1" 500 2879
0:0:0:0:0:0:0:1 - - [13/May/2024:15:47:04 -0400] "GET /webapp-form/ HTTP/1.1" 500 2879
0:0:0:0:0:0:0:1 - - [13/May/2024:15:47:05 -0400] "GET /webapp-form/ HTTP/1.1" 500 2879
0:0:0:0:0:0:0:1 - - [13/May/2024:15:47:05 -0400] "GET /webapp-form/ HTTP/1.1" 500 2879
127.0.0.1 - admin [13/May/2024:15:47:46 -0400] "PUT /manager/text/deploy?path=%2Fwebapp-form&update=true HTTP/1.1" 200 82
0:0:0:0:0:0:0:1 - - [13/May/2024:15:47:55 -0400] "GET /webapp-form/ HTTP/1.1" 200 4712
0:0:0:0:0:0:0:1 - - [13/May/2024:15:47:55 -0400] "GET /css/bootstrap.min.css HTTP/1.1" 404 713
0:0:0:0:0:0:0:1 - - [13/May/2024:15:47:57 -0400] "GET /webapp-form/ HTTP/1.1" 200 4712
0:0:0:0:0:0:0:1 - - [13/May/2024:15:47:57 -0400] "GET /css/bootstrap.min.css HTTP/1.1" 404 713
0:0:0:0:0:0:0:1 - - [13/May/2024:15:47:57 -0400] "GET /webapp-form/ HTTP/1.1" 200 4712
0:0:0:0:0:0:0:1 - - [13/May/2024:15:47:57 -0400] "GET /css/bootstrap.min.css HTTP/1.1" 404 713
0:0:0:0:0:0:0:1 - - [13/May/2024:15:47:57 -0400] "GET /webapp-form/ HTTP/1.1" 200 4712
0:0:0:0:0:0:0:1 - - [13/May/2024:15:47:57 -0400] "GET /css/bootstrap.min.css HTTP/1.1" 404 713
0:0:0:0:0:0:0:1 - - [13/May/2024:15:47:57 -0400] "GET /webapp-form/ HTTP/1.1" 200 4712
0:0:0:0:0:0:0:1 - - [13/May/2024:15:47:57 -0400] "GET /css/bootstrap.min.css HTTP/1.1" 404 713
0:0:0:0:0:0:0:1 - - [13/May/2024:15:47:58 -0400] "GET /webapp-form/ HTTP/1.1" 200 4712
0:0:0:0:0:0:0:1 - - [13/May/2024:15:47:58 -0400] "GET /css/bootstrap.min.css HTTP/1.1" 404 713
0:0:0:0:0:0:0:1 - - [13/May/2024:15:47:58 -0400] "GET /webapp-form/ HTTP/1.1" 200 4712
0:0:0:0:0:0:0:1 - - [13/May/2024:15:47:58 -0400] "GET /css/bootstrap.min.css HTTP/1.1" 404 713
0:0:0:0:0:0:0:1 - - [13/May/2024:15:48:01 -0400] "GET /css/bootstrap.min.css HTTP/1.1" 404 713
127.0.0.1 - admin [13/May/2024:15:48:35 -0400] "PUT /manager/text/deploy?path=%2Fwebapp-form&update=true HTTP/1.1" 200 82
0:0:0:0:0:0:0:1 - - [13/May/2024:15:48:46 -0400] "GET /webapp-form/ HTTP/1.1" 500 2326
0:0:0:0:0:0:0:1 - - [13/May/2024:15:48:46 -0400] "GET /webapp-form/ HTTP/1.1" 500 2879
0:0:0:0:0:0:0:1 - - [13/May/2024:15:48:46 -0400] "GET /webapp-form/ HTTP/1.1" 500 2879
0:0:0:0:0:0:0:1 - - [13/May/2024:15:48:47 -0400] "GET /webapp-form/ HTTP/1.1" 500 2879
0:0:0:0:0:0:0:1 - - [13/May/2024:15:48:47 -0400] "GET /webapp-form/ HTTP/1.1" 500 2879
0:0:0:0:0:0:0:1 - - [13/May/2024:15:48:47 -0400] "GET /webapp-form/ HTTP/1.1" 500 2879
0:0:0:0:0:0:0:1 - - [13/May/2024:15:48:47 -0400] "GET /webapp-form/ HTTP/1.1" 500 2879
127.0.0.1 - admin [13/May/2024:15:49:24 -0400] "PUT /manager/text/deploy?path=%2Fwebapp-form&update=true HTTP/1.1" 200 82
0:0:0:0:0:0:0:1 - - [13/May/2024:15:49:31 -0400] "GET /webapp-form/ HTTP/1.1" 200 4724
0:0:0:0:0:0:0:1 - - [13/May/2024:15:49:31 -0400] "GET /webapp-form/css/bootstrap.min.css HTTP/1.1" 200 232803
127.0.0.1 - admin [13/May/2024:16:09:44 -0400] "PUT /manager/text/deploy?path=%2Fwebapp-form&update=true HTTP/1.1" 200 82
0:0:0:0:0:0:0:1 - - [13/May/2024:16:10:01 -0400] "GET /webapp-form/ HTTP/1.1" 200 5277
0:0:0:0:0:0:0:1 - - [13/May/2024:16:10:01 -0400] "GET /webapp-form/css/bootstrap.min.css HTTP/1.1" 304 -
127.0.0.1 - admin [13/May/2024:16:11:08 -0400] "PUT /manager/text/deploy?path=%2Fwebapp-form&update=true HTTP/1.1" 200 82
0:0:0:0:0:0:0:1 - - [13/May/2024:16:11:13 -0400] "GET /webapp-form/ HTTP/1.1" 200 5280
0:0:0:0:0:0:0:1 - - [13/May/2024:16:11:35 -0400] "POST /webapp-form/registro HTTP/1.1" 200 606
0:0:0:0:0:0:0:1 - - [13/May/2024:16:11:41 -0400] "POST /webapp-form/registro HTTP/1.1" 200 5543
127.0.0.1 - admin [13/May/2024:16:18:37 -0400] "PUT /manager/text/deploy?path=%2Fwebapp-form&update=true HTTP/1.1" 200 82
0:0:0:0:0:0:0:1 - - [13/May/2024:16:18:41 -0400] "POST /webapp-form/registro HTTP/1.1" 200 5548
0:0:0:0:0:0:0:1 - - [13/May/2024:16:18:41 -0400] "GET /webapp-form/css/bootstrap.min.css HTTP/1.1" 304 -
127.0.0.1 - admin [13/May/2024:16:19:13 -0400] "PUT /manager/text/deploy?path=%2Fwebapp-form&update=true HTTP/1.1" 200 82
0:0:0:0:0:0:0:1 - - [13/May/2024:16:19:18 -0400] "POST /webapp-form/registro HTTP/1.1" 200 5548
127.0.0.1 - admin [13/May/2024:16:19:38 -0400] "PUT /manager/text/deploy?path=%2Fwebapp-form&update=true HTTP/1.1" 200 82
0:0:0:0:0:0:0:1 - - [13/May/2024:16:19:46 -0400] "POST /webapp-form/registro HTTP/1.1" 200 5553
127.0.0.1 - admin [13/May/2024:16:20:04 -0400] "PUT /manager/text/deploy?path=%2Fwebapp-form&update=true HTTP/1.1" 200 82
0:0:0:0:0:0:0:1 - - [13/May/2024:16:20:08 -0400] "POST /webapp-form/registro HTTP/1.1" 200 5553
127.0.0.1 - admin [13/May/2024:16:20:21 -0400] "PUT /manager/text/deploy?path=%2Fwebapp-form&update=true HTTP/1.1" 200 82
0:0:0:0:0:0:0:1 - - [13/May/2024:16:20:34 -0400] "POST /webapp-form/registro HTTP/1.1" 200 5553
0:0:0:0:0:0:0:1 - - [13/May/2024:16:58:14 -0400] "GET /manager HTTP/1.1" 302 -
0:0:0:0:0:0:0:1 - - [13/May/2024:16:58:14 -0400] "GET /manager/ HTTP/1.1" 302 -
0:0:0:0:0:0:0:1 - admin [13/May/2024:16:58:14 -0400] "GET /manager/html HTTP/1.1" 200 20352
0:0:0:0:0:0:0:1 - admin [13/May/2024:16:58:18 -0400] "GET /manager/html HTTP/1.1" 200 20352
0:0:0:0:0:0:0:1 - - [13/May/2024:16:58:21 -0400] "GET /webapp-form/ HTTP/1.1" 200 5280
0:0:0:0:0:0:0:1 - - [13/May/2024:16:58:22 -0400] "GET /webapp-form/css/bootstrap.min.css HTTP/1.1" 304 -
0:0:0:0:0:0:0:1 - admin [13/May/2024:16:59:04 -0400] "GET /manager/html HTTP/1.1" 200 20352
0:0:0:0:0:0:0:1 - admin [13/May/2024:16:59:05 -0400] "GET /manager/html HTTP/1.1" 200 20352
0:0:0:0:0:0:0:1 - admin [13/May/2024:16:59:05 -0400] "GET /manager/html HTTP/1.1" 200 20352
0:0:0:0:0:0:0:1 - admin [13/May/2024:16:59:20 -0400] "GET /manager/html HTTP/1.1" 200 20352
0:0:0:0:0:0:0:1 - admin [13/May/2024:17:01:58 -0400] "GET /manager/html HTTP/1.1" 200 20352
127.0.0.1 - admin [13/May/2024:17:03:34 -0400] "PUT /manager/text/deploy?path=%2Fwebapp-form-tarea2&update=true HTTP/1.1" 200 89
0:0:0:0:0:0:0:1 - - [13/May/2024:17:03:37 -0400] "GET /webapp-form-tarea2 HTTP/1.1" 302 -
0:0:0:0:0:0:0:1 - - [13/May/2024:17:03:37 -0400] "GET /webapp-form-tarea2 HTTP/1.1" 302 -
0:0:0:0:0:0:0:1 - - [13/May/2024:17:03:37 -0400] "GET /webapp-form-tarea2/ HTTP/1.1" 404 711
0:0:0:0:0:0:0:1 - - [13/May/2024:17:03:37 -0400] "GET /webapp-form-tarea2/ HTTP/1.1" 404 711
0:0:0:0:0:0:0:1 - admin [13/May/2024:17:03:46 -0400] "GET /manager/html HTTP/1.1" 200 22265
0:0:0:0:0:0:0:1 - - [13/May/2024:17:03:48 -0400] "GET /webapp-form-tarea2/ HTTP/1.1" 404 711
0:0:0:0:0:0:0:1 - - [13/May/2024:17:04:56 -0400] "GET /webapp-form-tarea2/ HTTP/1.1" 404 711
0:0:0:0:0:0:0:1 - - [13/May/2024:17:04:57 -0400] "GET /webapp-form-tarea2/ HTTP/1.1" 404 711
0:0:0:0:0:0:0:1 - - [13/May/2024:17:04:57 -0400] "GET /webapp-form-tarea2/ HTTP/1.1" 404 711
127.0.0.1 - admin [13/May/2024:17:05:56 -0400] "PUT /manager/text/deploy?path=%2Fwebapp-form-tarea2&update=true HTTP/1.1" 200 89
0:0:0:0:0:0:0:1 - - [13/May/2024:17:05:58 -0400] "GET /webapp-form-tarea2 HTTP/1.1" 302 -
0:0:0:0:0:0:0:1 - - [13/May/2024:17:05:58 -0400] "GET /webapp-form-tarea2 HTTP/1.1" 302 -
0:0:0:0:0:0:0:1 - - [13/May/2024:17:05:58 -0400] "GET /webapp-form-tarea2/ HTTP/1.1" 404 711
0:0:0:0:0:0:0:1 - - [13/May/2024:17:05:58 -0400] "GET /webapp-form-tarea2/ HTTP/1.1" 404 711
0:0:0:0:0:0:0:1 - - [13/May/2024:17:07:23 -0400] "GET /webapp-form-tarea2/ HTTP/1.1" 404 711
0:0:0:0:0:0:0:1 - - [13/May/2024:17:07:23 -0400] "GET /webapp-form-tarea2/ HTTP/1.1" 404 711
0:0:0:0:0:0:0:1 - - [13/May/2024:17:07:25 -0400] "GET /webapp-form-tarea2 HTTP/1.1" 302 -
0:0:0:0:0:0:0:1 - - [13/May/2024:17:07:25 -0400] "GET /webapp-form-tarea2/ HTTP/1.1" 404 711
0:0:0:0:0:0:0:1 - - [13/May/2024:17:07:30 -0400] "GET /webapp-form-tarea2/crear HTTP/1.1" 405 726
127.0.0.1 - admin [13/May/2024:17:09:41 -0400] "PUT /manager/text/deploy?path=%2Fwebapp-form-tarea2&update=true HTTP/1.1" 200 89
0:0:0:0:0:0:0:1 - - [13/May/2024:17:09:50 -0400] "GET /webapp-form-tarea2/crear HTTP/1.1" 200 1433
0:0:0:0:0:0:0:1 - - [13/May/2024:17:09:50 -0400] "GET /css/bootstrap.min.css HTTP/1.1" 404 713
0:0:0:0:0:0:0:1 - - [13/May/2024:17:09:53 -0400] "GET /webapp-form-tarea2/crear HTTP/1.1" 200 1433
0:0:0:0:0:0:0:1 - - [13/May/2024:17:09:53 -0400] "GET /css/bootstrap.min.css HTTP/1.1" 404 713
127.0.0.1 - admin [13/May/2024:17:10:21 -0400] "PUT /manager/text/deploy?path=%2Fwebapp-form-tarea2&update=true HTTP/1.1" 200 89
0:0:0:0:0:0:0:1 - - [13/May/2024:17:10:26 -0400] "GET /webapp-form-tarea2/crear HTTP/1.1" 200 1452
0:0:0:0:0:0:0:1 - - [13/May/2024:17:10:26 -0400] "GET /webapp-form-tarea2/css/bootstrap.min.css HTTP/1.1" 200 232803
0:0:0:0:0:0:0:1 - - [13/May/2024:17:10:53 -0400] "POST /webapp-form-tarea2/crear HTTP/1.1" 200 302
0:0:0:0:0:0:0:1 - - [13/May/2024:17:10:55 -0400] "GET /webapp-form-tarea2/crear HTTP/1.1" 200 1452
0:0:0:0:0:0:0:1 - - [13/May/2024:17:11:14 -0400] "POST /webapp-form-tarea2/crear HTTP/1.1" 200 302
0:0:0:0:0:0:0:1 - - [13/May/2024:17:11:15 -0400] "GET /webapp-form-tarea2/crear HTTP/1.1" 200 1452
0:0:0:0:0:0:0:1 - - [13/May/2024:17:11:17 -0400] "GET /webapp-form-tarea2/crear HTTP/1.1" 200 1452
0:0:0:0:0:0:0:1 - - [13/May/2024:17:11:17 -0400] "GET /webapp-form-tarea2/crear HTTP/1.1" 200 1452
0:0:0:0:0:0:0:1 - - [13/May/2024:17:11:17 -0400] "GET /webapp-form-tarea2/crear HTTP/1.1" 200 1452
0:0:0:0:0:0:0:1 - - [13/May/2024:17:11:22 -0400] "GET /manager HTTP/1.1" 302 -
0:0:0:0:0:0:0:1 - admin [13/May/2024:17:11:22 -0400] "GET /manager/ HTTP/1.1" 302 -
0:0:0:0:0:0:0:1 - admin [13/May/2024:17:11:22 -0400] "GET /manager/html HTTP/1.1" 200 22265
0:0:0:0:0:0:0:1 - - [13/May/2024:17:11:23 -0400] "GET /webapp-form-tarea2/ HTTP/1.1" 200 1452
0:0:0:0:0:0:0:1 - - [13/May/2024:17:11:29 -0400] "POST /webapp-form-tarea2/crear HTTP/1.1" 200 299
0:0:0:0:0:0:0:1 - - [13/May/2024:17:11:37 -0400] "POST /webapp-form-tarea2/crear HTTP/1.1" 500 1466
127.0.0.1 - admin [13/May/2024:17:57:29 -0400] "PUT /manager/text/deploy?path=%2Fwebapp-headers&update=true HTTP/1.1" 200 118
127.0.0.1 - admin [13/May/2024:18:04:14 -0400] "PUT /manager/text/deploy?path=%2Fwebapp-headers&update=true HTTP/1.1" 200 118
0:0:0:0:0:0:0:1 - - [13/May/2024:18:04:18 -0400] "GET /webapp-headers HTTP/1.1" 404 702
0:0:0:0:0:0:0:1 - - [13/May/2024:18:04:18 -0400] "GET /webapp-headers HTTP/1.1" 404 702
0:0:0:0:0:0:0:1 - - [13/May/2024:18:05:16 -0400] "GET /manager HTTP/1.1" 302 -
0:0:0:0:0:0:0:1 - - [13/May/2024:18:05:16 -0400] "GET /manager/ HTTP/1.1" 302 -
0:0:0:0:0:0:0:1 - admin [13/May/2024:18:05:16 -0400] "GET /manager/html HTTP/1.1" 200 23544
0:0:0:0:0:0:0:1 - - [13/May/2024:18:05:18 -0400] "GET /webapp-headers/ HTTP/1.1" 404 707
0:0:0:0:0:0:0:1 - - [13/May/2024:18:05:28 -0400] "GET /webapp-headers/cabeceras-request HTTP/1.1" 404 724
127.0.0.1 - admin [13/May/2024:18:05:43 -0400] "PUT /manager/text/deploy?path=%2Fwebapp-headers&update=true HTTP/1.1" 200 118
0:0:0:0:0:0:0:1 - - [13/May/2024:18:05:45 -0400] "GET /webapp-headers/cabeceras-request HTTP/1.1" 404 724
0:0:0:0:0:0:0:1 - - [13/May/2024:18:05:46 -0400] "GET /webapp-headers/cabeceras-request HTTP/1.1" 404 724
0:0:0:0:0:0:0:1 - - [13/May/2024:18:05:53 -0400] "GET /webapp-headers/cabeceras-request HTTP/1.1" 404 724
0:0:0:0:0:0:0:1 - - [13/May/2024:18:05:54 -0400] "GET /webapp-headers/cabeceras-request HTTP/1.1" 404 724
0:0:0:0:0:0:0:1 - - [13/May/2024:18:05:54 -0400] "GET /webapp-headers/cabeceras-request HTTP/1.1" 404 724
0:0:0:0:0:0:0:1 - - [13/May/2024:18:05:54 -0400] "GET /webapp-headers/cabeceras-request HTTP/1.1" 404 724
0:0:0:0:0:0:0:1 - - [13/May/2024:18:05:58 -0400] "GET /webapp-headers/cabeceras-request HTTP/1.1" 404 724
0:0:0:0:0:0:0:1 - - [13/May/2024:18:05:58 -0400] "GET /webapp-headers/cabeceras-request HTTP/1.1" 404 724
0:0:0:0:0:0:0:1 - - [13/May/2024:18:05:58 -0400] "GET /webapp-headers/cabeceras-request HTTP/1.1" 404 724
0:0:0:0:0:0:0:1 - - [13/May/2024:18:06:32 -0400] "GET /webapp-headers/ HTTP/1.1" 404 707
127.0.0.1 - admin [13/May/2024:18:06:34 -0400] "PUT /manager/text/deploy?path=%2Fwebapp-headers&update=true HTTP/1.1" 200 85
0:0:0:0:0:0:0:1 - - [13/May/2024:18:06:39 -0400] "GET /webapp-headers/cabeceras-request HTTP/1.1" 200 510
0:0:0:0:0:0:0:1 - - [13/May/2024:18:09:32 -0400] "GET /webapp-headers/cabeceras-request HTTP/1.1" 200 510
0:0:0:0:0:0:0:1 - - [13/May/2024:18:09:33 -0400] "GET /webapp-headers/cabeceras-request HTTP/1.1" 200 510
127.0.0.1 - admin [13/May/2024:18:09:33 -0400] "PUT /manager/text/deploy?path=%2Fwebapp-headers&update=true HTTP/1.1" 200 85
0:0:0:0:0:0:0:1 - - [13/May/2024:18:09:33 -0400] "GET /webapp-headers/cabeceras-request HTTP/1.1" 200 611
0:0:0:0:0:0:0:1 - - [13/May/2024:18:09:33 -0400] "GET /webapp-headers/cabeceras-request HTTP/1.1" 200 611
0:0:0:0:0:0:0:1 - - [13/May/2024:18:10:13 -0400] "GET /webapp-headers/cabeceras-request HTTP/1.1" 200 611
0:0:0:0:0:0:0:1 - - [13/May/2024:18:10:14 -0400] "GET /webapp-headers/cabeceras-request HTTP/1.1" 200 611
0:0:0:0:0:0:0:1 - - [13/May/2024:18:10:53 -0400] "GET /webapp-headers/cabeceras-request HTTP/1.1" 200 611
0:0:0:0:0:0:0:1 - - [13/May/2024:18:10:53 -0400] "GET /webapp-headers/cabeceras-request HTTP/1.1" 200 611
0:0:0:0:0:0:0:1 - - [13/May/2024:18:10:54 -0400] "GET /webapp-headers/cabeceras-request HTTP/1.1" 200 611
0:0:0:0:0:0:0:1 - - [13/May/2024:18:10:54 -0400] "GET /webapp-headers/cabeceras-request HTTP/1.1" 200 611
0:0:0:0:0:0:0:1 - - [13/May/2024:18:10:54 -0400] "GET /webapp-headers/cabeceras-request HTTP/1.1" 200 611
0:0:0:0:0:0:0:1 - - [13/May/2024:18:10:54 -0400] "GET /webapp-headers/cabeceras-request HTTP/1.1" 200 611
0:0:0:0:0:0:0:1 - - [13/May/2024:18:10:55 -0400] "GET /webapp-headers/cabeceras-request HTTP/1.1" 200 611
0:0:0:0:0:0:0:1 - - [13/May/2024:18:10:55 -0400] "GET /webapp-headers/cabeceras-request HTTP/1.1" 200 611
0:0:0:0:0:0:0:1 - - [13/May/2024:18:10:55 -0400] "GET /webapp-headers/cabeceras-request HTTP/1.1" 404 724
127.0.0.1 - admin [13/May/2024:18:10:55 -0400] "PUT /manager/text/deploy?path=%2Fwebapp-headers&update=true HTTP/1.1" 200 85
0:0:0:0:0:0:0:1 - - [13/May/2024:18:10:56 -0400] "GET /webapp-headers/cabeceras-request HTTP/1.1" 200 649
0:0:0:0:0:0:0:1 - - [13/May/2024:18:10:56 -0400] "GET /webapp-headers/cabeceras-request HTTP/1.1" 200 649
127.0.0.1 - admin [13/May/2024:18:11:43 -0400] "PUT /manager/text/deploy?path=%2Fwebapp-headers&update=true HTTP/1.1" 200 85
127.0.0.1 - admin [13/May/2024:18:12:06 -0400] "PUT /manager/text/deploy?path=%2Fwebapp-headers&update=true HTTP/1.1" 200 85
0:0:0:0:0:0:0:1 - - [13/May/2024:18:12:08 -0400] "GET /webapp-headers/cabeceras-request HTTP/1.1" 200 726
0:0:0:0:0:0:0:1 - - [13/May/2024:18:12:09 -0400] "GET /webapp-headers/cabeceras-request HTTP/1.1" 200 726
0:0:0:0:0:0:0:1 - - [13/May/2024:18:16:03 -0400] "GET /webapp-headers/cabeceras-request HTTP/1.1" 200 726
0:0:0:0:0:0:0:1 - - [13/May/2024:18:16:03 -0400] "GET /webapp-headers/cabeceras-request HTTP/1.1" 200 726
0:0:0:0:0:0:0:1 - - [13/May/2024:18:16:04 -0400] "GET /webapp-headers/cabeceras-request HTTP/1.1" 200 726
0:0:0:0:0:0:0:1 - - [13/May/2024:18:16:04 -0400] "GET /webapp-headers/cabeceras-request HTTP/1.1" 200 726
0:0:0:0:0:0:0:1 - - [13/May/2024:18:16:05 -0400] "GET /webapp-headers/cabeceras-request HTTP/1.1" 200 726
0:0:0:0:0:0:0:1 - - [13/May/2024:18:16:05 -0400] "GET /webapp-headers/cabeceras-request HTTP/1.1" 200 726
0:0:0:0:0:0:0:1 - - [13/May/2024:18:16:05 -0400] "GET /webapp-headers/cabeceras-request HTTP/1.1" 200 726
0:0:0:0:0:0:0:1 - - [13/May/2024:18:16:06 -0400] "GET /webapp-headers/cabeceras-request HTTP/1.1" 200 726
0:0:0:0:0:0:0:1 - - [13/May/2024:18:16:06 -0400] "GET /webapp-headers/cabeceras-request HTTP/1.1" 200 726
0:0:0:0:0:0:0:1 - - [13/May/2024:18:16:06 -0400] "GET /webapp-headers/cabeceras-request HTTP/1.1" 200 726
0:0:0:0:0:0:0:1 - - [13/May/2024:18:16:06 -0400] "GET /webapp-headers/cabeceras-request HTTP/1.1" 200 726
127.0.0.1 - admin [13/May/2024:18:16:07 -0400] "PUT /manager/text/deploy?path=%2Fwebapp-headers&update=true HTTP/1.1" 200 85
0:0:0:0:0:0:0:1 - - [13/May/2024:18:16:07 -0400] "GET /webapp-headers/cabeceras-request HTTP/1.1" 200 771
0:0:0:0:0:0:0:1 - - [13/May/2024:18:16:08 -0400] "GET /webapp-headers/cabeceras-request HTTP/1.1" 200 771
0:0:0:0:0:0:0:1 - - [13/May/2024:18:16:09 -0400] "GET /webapp-headers/cabeceras-request HTTP/1.1" 200 771
0:0:0:0:0:0:0:1 - - [13/May/2024:18:16:09 -0400] "GET /webapp-headers/cabeceras-request HTTP/1.1" 200 771
0:0:0:0:0:0:0:1 - - [13/May/2024:18:16:09 -0400] "GET /webapp-headers/cabeceras-request HTTP/1.1" 200 771
0:0:0:0:0:0:0:1 - - [13/May/2024:18:16:10 -0400] "GET /webapp-headers/cabeceras-request HTTP/1.1" 200 771
0:0:0:0:0:0:0:1 - - [13/May/2024:18:16:10 -0400] "GET /webapp-headers/cabeceras-request HTTP/1.1" 200 771
0:0:0:0:0:0:0:1 - - [13/May/2024:18:16:10 -0400] "GET /webapp-headers/cabeceras-request HTTP/1.1" 200 771
0:0:0:0:0:0:0:1 - - [13/May/2024:18:16:10 -0400] "GET /webapp-headers/cabeceras-request HTTP/1.1" 200 771
0:0:0:0:0:0:0:1 - - [13/May/2024:18:16:11 -0400] "GET /webapp-headers/cabeceras-request HTTP/1.1" 200 771
0:0:0:0:0:0:0:1 - - [13/May/2024:18:16:11 -0400] "GET /webapp-headers/cabeceras-request HTTP/1.1" 200 771
0:0:0:0:0:0:0:1 - - [13/May/2024:18:16:11 -0400] "GET /webapp-headers/cabeceras-request HTTP/1.1" 200 771
0:0:0:0:0:0:0:1 - - [13/May/2024:18:19:11 -0400] "GET /webapp-headers/cabeceras-request HTTP/1.1" 200 771
0:0:0:0:0:0:0:1 - - [13/May/2024:18:19:12 -0400] "GET /webapp-headers/cabeceras-request HTTP/1.1" 200 771
127.0.0.1 - admin [13/May/2024:18:19:22 -0400] "PUT /manager/text/deploy?path=%2Fwebapp-headers&update=true HTTP/1.1" 200 85
0:0:0:0:0:0:0:1 - - [13/May/2024:18:19:29 -0400] "GET /webapp-headers/cabeceras-request HTTP/1.1" 200 1768
127.0.0.1 - admin [13/May/2024:18:22:46 -0400] "PUT /manager/text/deploy?path=%2Fwebapp-headers&update=true HTTP/1.1" 200 85
127.0.0.1 - admin [13/May/2024:18:22:56 -0400] "PUT /manager/text/deploy?path=%2Fwebapp-headers&update=true HTTP/1.1" 200 85
127.0.0.1 - admin [13/May/2024:18:25:23 -0400] "PUT /manager/text/deploy?path=%2Fwebapp-headers&update=true HTTP/1.1" 200 85
0:0:0:0:0:0:0:1 - - [13/May/2024:18:25:23 -0400] "GET /webapp-headers/cabeceras-request HTTP/1.1" 200 1768
0:0:0:0:0:0:0:1 - - [13/May/2024:18:25:27 -0400] "GET /webapp-headers/ HTTP/1.1" 200 283
0:0:0:0:0:0:0:1 - - [13/May/2024:18:25:29 -0400] "GET /webapp-form HTTP/1.1" 302 -
0:0:0:0:0:0:0:1 - - [13/May/2024:18:25:29 -0400] "GET /webapp-form/ HTTP/1.1" 200 5280
0:0:0:0:0:0:0:1 - - [13/May/2024:18:25:29 -0400] "GET /webapp-form/css/bootstrap.min.css HTTP/1.1" 304 -
0:0:0:0:0:0:0:1 - - [13/May/2024:18:25:31 -0400] "GET /webapp-headers/cabeceras-request HTTP/1.1" 200 1842
0:0:0:0:0:0:0:1 - - [13/May/2024:18:25:32 -0400] "GET /webapp-form HTTP/1.1" 302 -
0:0:0:0:0:0:0:1 - - [13/May/2024:18:25:32 -0400] "GET /webapp-form/ HTTP/1.1" 200 5280
0:0:0:0:0:0:0:1 - - [13/May/2024:18:25:41 -0400] "GET /webapp-form HTTP/1.1" 302 -
0:0:0:0:0:0:0:1 - - [13/May/2024:18:25:41 -0400] "GET /webapp-form/ HTTP/1.1" 200 5280
0:0:0:0:0:0:0:1 - - [13/May/2024:18:25:43 -0400] "GET /webapp-form HTTP/1.1" 302 -
0:0:0:0:0:0:0:1 - - [13/May/2024:18:25:43 -0400] "GET /webapp-form/ HTTP/1.1" 200 5280
0:0:0:0:0:0:0:1 - - [13/May/2024:18:25:45 -0400] "GET /webapp-form HTTP/1.1" 302 -
0:0:0:0:0:0:0:1 - - [13/May/2024:18:25:45 -0400] "GET /webapp-form/ HTTP/1.1" 200 5280
127.0.0.1 - admin [13/May/2024:18:25:55 -0400] "PUT /manager/text/deploy?path=%2Fwebapp-headers&update=true HTTP/1.1" 200 85
0:0:0:0:0:0:0:1 - - [13/May/2024:18:25:56 -0400] "GET /webapp-form HTTP/1.1" 302 -
0:0:0:0:0:0:0:1 - - [13/May/2024:18:25:56 -0400] "GET /webapp-form/ HTTP/1.1" 200 5280
0:0:0:0:0:0:0:1 - - [13/May/2024:18:25:58 -0400] "GET /webapp-headers/ HTTP/1.1" 200 281
0:0:0:0:0:0:0:1 - - [13/May/2024:18:25:58 -0400] "GET /webapp-form HTTP/1.1" 302 -
0:0:0:0:0:0:0:1 - - [13/May/2024:18:25:58 -0400] "GET /webapp-form/ HTTP/1.1" 200 5280
0:0:0:0:0:0:0:1 - - [13/May/2024:18:26:00 -0400] "GET /webapp-headers/cabeceras-request HTTP/1.1" 200 1842
0:0:0:0:0:0:0:1 - - [13/May/2024:18:26:01 -0400] "GET /webapp-form HTTP/1.1" 302 -
0:0:0:0:0:0:0:1 - - [13/May/2024:18:26:01 -0400] "GET /webapp-form/ HTTP/1.1" 200 5280
0:0:0:0:0:0:0:1 - - [13/May/2024:18:26:02 -0400] "GET /webapp-headers/cabeceras-request HTTP/1.1" 200 1842
0:0:0:0:0:0:0:1 - - [13/May/2024:18:26:03 -0400] "GET /webapp-form HTTP/1.1" 302 -
0:0:0:0:0:0:0:1 - - [13/May/2024:18:26:03 -0400] "GET /webapp-form/ HTTP/1.1" 200 5280
0:0:0:0:0:0:0:1 - - [13/May/2024:18:26:05 -0400] "GET /webapp-form HTTP/1.1" 302 -
0:0:0:0:0:0:0:1 - - [13/May/2024:18:26:05 -0400] "GET /webapp-form/ HTTP/1.1" 200 5280
0:0:0:0:0:0:0:1 - - [13/May/2024:18:27:11 -0400] "GET /webapp-headers/cabeceras-request HTTP/1.1" 200 1842
0:0:0:0:0:0:0:1 - - [13/May/2024:18:27:15 -0400] "GET /webapp-form HTTP/1.1" 302 -
0:0:0:0:0:0:0:1 - - [13/May/2024:18:27:15 -0400] "GET /webapp-form/ HTTP/1.1" 200 5280
0:0:0:0:0:0:0:1 - - [13/May/2024:18:27:16 -0400] "GET /webapp-headers/cabeceras-request HTTP/1.1" 200 1842
0:0:0:0:0:0:0:1 - - [13/May/2024:18:27:18 -0400] "GET /webapp-form HTTP/1.1" 302 -
0:0:0:0:0:0:0:1 - - [13/May/2024:18:27:18 -0400] "GET /webapp-form/ HTTP/1.1" 200 5280
0:0:0:0:0:0:0:1 - - [13/May/2024:18:27:26 -0400] "GET /webapp-headers/cabeceras-request HTTP/1.1" 200 1771
